[2026-03-27 02:26:44] Delegation complete: FAIL.md (exit code: 141)
[2026-03-27 02:26:44] Running tests...
[2026-03-27 02:26:44] Tests FAILED (exit code: 1)
[2026-03-27 02:26:44] Tests still failing after FAIL.md — continuing to next iteration.
[2026-03-27 02:26:44] [iteration 1] executed EXECUTE.md + FAIL.md — tests: FAIL (persisted)
[2026-03-27 02:26:44] 
[2026-03-27 02:26:44] === Iteration 2 / 50 ===
[2026-03-27 02:26:44] Step A: Executing next task...
[2026-03-27 02:26:44] Delegating: EXECUTE.md
[2026-03-27 02:35:59] Delegation complete: EXECUTE.md (exit code: 141)
[2026-03-27 02:35:59] WARNING: EXECUTE.md delegation returned non-zero.
[2026-03-27 02:35:59] Step B: Running tests...
[2026-03-27 02:35:59] Running tests...
[2026-03-27 02:35:59] Tests FAILED (exit code: 1)
[2026-03-27 02:35:59] Tests failed — delegating FAIL.md to diagnose and fix...
[2026-03-27 02:35:59] Delegating: FAIL.md
[2026-03-27 02:38:54] Delegation complete: FAIL.md (exit code: 141)
[2026-03-27 02:38:54] Running tests...
[2026-03-27 02:38:54] Tests FAILED (exit code: 1)
[2026-03-27 02:38:54] Tests still failing after FAIL.md — continuing to next iteration.
[2026-03-27 02:38:54] [iteration 2] executed EXECUTE.md + FAIL.md — tests: FAIL (persisted)
[2026-03-27 02:38:54] Backlog is empty (AUDIT.md and PLAN.md absent/empty).
[2026-03-27 02:38:54] Running tests...
[2026-03-27 02:38:54] Tests FAILED (exit code: 1)
[2026-03-27 02:38:54] Backlog empty but tests failing — delegating FAIL.md...
[2026-03-27 02:38:54] Delegating: FAIL.md
[2026-03-27 02:47:09] Delegation complete: FAIL.md (exit code: 141)
[2026-03-27 02:47:09] Running tests...
[2026-03-27 02:47:09] Tests FAILED (exit code: 1)
[2026-03-27 02:47:09] Tests still failing after FAIL.md on empty backlog — continuing.
[2026-03-27 02:47:09] 
[2026-03-27 02:47:09] === Iteration 3 / 50 ===
[2026-03-27 02:47:09] Step A: Executing next task...
[2026-03-27 02:47:09] Delegating: EXECUTE.md
[2026-03-27 02:50:20] Delegation complete: EXECUTE.md (exit code: 141)
[2026-03-27 02:50:20] WARNING: EXECUTE.md delegation returned non-zero.
[2026-03-27 02:50:20] Step B: Running tests...
[2026-03-27 02:50:20] Running tests...
[2026-03-27 02:50:20] Tests FAILED (exit code: 1)
[2026-03-27 02:50:20] Tests failed — delegating FAIL.md to diagnose and fix...
[2026-03-27 02:50:20] Delegating: FAIL.md
[2026-03-27 02:52:31] Delegation complete: FAIL.md (exit code: 141)
[2026-03-27 02:52:31] Running tests...
[2026-03-27 02:52:31] Tests FAILED (exit code: 1)
[2026-03-27 02:52:31] Tests still failing after FAIL.md — continuing to next iteration.
[2026-03-27 02:52:31] [iteration 3] executed EXECUTE.md + FAIL.md — tests: FAIL (persisted)
[2026-03-27 02:52:31] Step C: Periodic maintenance check (iteration 3)...
[2026-03-27 02:52:31] Complexity violations found: 528 functions exceed thresholds
[2026-03-27 02:52:31]   Complexity violations detected — delegating BREAKDOWN.md...
[2026-03-27 02:52:31] Delegating: BREAKDOWN.md
[2026-03-27 03:02:22] Delegation complete: BREAKDOWN.md (exit code: 141)
[2026-03-27 03:02:22] Running tests...
[2026-03-27 03:02:22] Tests FAILED (exit code: 1)
[2026-03-27 03:02:22]   Tests failed after BREAKDOWN.md — delegating FAIL.md...
[2026-03-27 03:02:22] Delegating: FAIL.md
[2026-03-27 03:04:49] Delegation complete: FAIL.md (exit code: 141)
[2026-03-27 03:04:49] Running tests...
[2026-03-27 03:04:49] Tests FAILED (exit code: 1)
[2026-03-27 03:04:49] [iteration 3] executed BREAKDOWN.md — tests: FAIL
[2026-03-27 03:04:49] Backlog is empty (AUDIT.md and PLAN.md absent/empty).
[2026-03-27 03:04:49] Running tests...
[2026-03-27 03:04:49] Tests FAILED (exit code: 1)
[2026-03-27 03:04:49] Backlog empty but tests failing — delegating FAIL.md...
[2026-03-27 03:04:49] Delegating: FAIL.md
[2026-03-27 03:07:13] Delegation complete: FAIL.md (exit code: 141)
[2026-03-27 03:07:13] Running tests...
[2026-03-27 03:07:13] Tests FAILED (exit code: 1)
[2026-03-27 03:07:13] Tests still failing after FAIL.md on empty backlog — continuing.
[2026-03-27 03:07:13] 
[2026-03-27 03:07:13] === Iteration 4 / 50 ===
[2026-03-27 03:07:13] Step A: Executing next task...
[2026-03-27 03:07:13] Delegating: EXECUTE.md
[2026-03-27 03:16:15] Delegation complete: EXECUTE.md (exit code: 141)
[2026-03-27 03:16:15] WARNING: EXECUTE.md delegation returned non-zero.
[2026-03-27 03:16:15] Step B: Running tests...
[2026-03-27 03:16:15] Running tests...
[2026-03-27 03:16:15] Tests FAILED (exit code: 1)
[2026-03-27 03:16:15] Tests failed — delegating FAIL.md to diagnose and fix...
[2026-03-27 03:16:15] Delegating: FAIL.md
[2026-03-27 03:18:53] Delegation complete: FAIL.md (exit code: 141)
[2026-03-27 03:18:53] Running tests...
[2026-03-27 03:18:53] Tests FAILED (exit code: 1)
[2026-03-27 03:18:53] Tests still failing after FAIL.md — continuing to next iteration.
[2026-03-27 03:18:53] [iteration 4] executed EXECUTE.md + FAIL.md — tests: FAIL (persisted)
[2026-03-27 03:18:53] Backlog is empty (AUDIT.md and PLAN.md absent/empty).
[2026-03-27 03:18:53] Running tests...
[2026-03-27 03:18:53] Tests FAILED (exit code: 1)
[2026-03-27 03:18:53] Backlog empty but tests failing — delegating FAIL.md...
[2026-03-27 03:18:53] Delegating: FAIL.md
[2026-03-27 03:21:51] Delegation complete: FAIL.md (exit code: 141)
[2026-03-27 03:21:51] Running tests...
[2026-03-27 03:21:51] Tests FAILED (exit code: 1)
[2026-03-27 03:21:51] Tests still failing after FAIL.md on empty backlog — continuing.
[2026-03-27 03:21:51] 
[2026-03-27 03:21:51] === Iteration 5 / 50 ===
[2026-03-27 03:21:51] Step A: Executing next task...
[2026-03-27 03:21:51] Delegating: EXECUTE.md
[2026-03-27 03:27:42] Delegation complete: EXECUTE.md (exit code: 141)
[2026-03-27 03:27:42] WARNING: EXECUTE.md delegation returned non-zero.
[2026-03-27 03:27:42] Step B: Running tests...
[2026-03-27 03:27:42] Running tests...
[2026-03-27 03:27:42] Tests FAILED (exit code: 1)
[2026-03-27 03:27:42] Tests failed — delegating FAIL.md to diagnose and fix...
[2026-03-27 03:27:42] Delegating: FAIL.md
[2026-03-27 03:35:26] Delegation complete: FAIL.md (exit code: 141)
[2026-03-27 03:35:26] Running tests...
[2026-03-27 03:35:26] Tests FAILED (exit code: 1)
[2026-03-27 03:35:26] Tests still failing after FAIL.md — continuing to next iteration.
[2026-03-27 03:35:26] [iteration 5] executed EXECUTE.md + FAIL.md — tests: FAIL (persisted)
[2026-03-27 03:35:26] Backlog is empty (AUDIT.md and PLAN.md absent/empty).
[2026-03-27 03:35:26] Running tests...
[2026-03-27 03:35:26] Tests FAILED (exit code: 1)
[2026-03-27 03:35:26] Backlog empty but tests failing — delegating FAIL.md...
[2026-03-27 03:35:26] Delegating: FAIL.md
[2026-03-27 03:37:56] Delegation complete: FAIL.md (exit code: 141)
[2026-03-27 03:37:56] Running tests...
[2026-03-27 03:37:56] Tests FAILED (exit code: 1)
[2026-03-27 03:37:56] Tests still failing after FAIL.md on empty backlog — continuing.
[2026-03-27 03:37:56] 
[2026-03-27 03:37:56] === Iteration 6 / 50 ===
[2026-03-27 03:37:56] Step A: Executing next task...
[2026-03-27 03:37:56] Delegating: EXECUTE.md
[2026-03-27 03:41:38] Delegation complete: EXECUTE.md (exit code: 141)
[2026-03-27 03:41:38] WARNING: EXECUTE.md delegation returned non-zero.
[2026-03-27 03:41:38] Step B: Running tests...
[2026-03-27 03:41:38] Running tests...
[2026-03-27 03:41:38] Tests FAILED (exit code: 1)
[2026-03-27 03:41:38] Tests failed — delegating FAIL.md to diagnose and fix...
[2026-03-27 03:41:38] Delegating: FAIL.md
[2026-03-27 03:47:21] Delegation complete: FAIL.md (exit code: 141)
[2026-03-27 03:47:21] Running tests...
[2026-03-27 03:47:21] Tests FAILED (exit code: 1)
[2026-03-27 03:47:21] Tests still failing after FAIL.md — continuing to next iteration.
[2026-03-27 03:47:21] [iteration 6] executed EXECUTE.md + FAIL.md — tests: FAIL (persisted)
[2026-03-27 03:47:21] Step C: Periodic maintenance check (iteration 6)...
[2026-03-27 03:47:21] Complexity violations found: 579 functions exceed thresholds
[2026-03-27 03:47:21]   Complexity violations detected — delegating BREAKDOWN.md...
[2026-03-27 03:47:21] Delegating: BREAKDOWN.md
[2026-03-27 03:51:28] Delegation complete: BREAKDOWN.md (exit code: 141)
[2026-03-27 03:51:28] Running tests...
[2026-03-27 03:51:28] Tests FAILED (exit code: 1)
[2026-03-27 03:51:28]   Tests failed after BREAKDOWN.md — delegating FAIL.md...
[2026-03-27 03:51:28] Delegating: FAIL.md
[2026-03-27 03:54:49] Delegation complete: FAIL.md (exit code: 141)
[2026-03-27 03:54:49] Running tests...
[2026-03-27 03:54:49] Tests FAILED (exit code: 1)
[2026-03-27 03:54:49] [iteration 6] executed BREAKDOWN.md — tests: FAIL
[2026-03-27 03:54:50] Backlog is empty (AUDIT.md and PLAN.md absent/empty).
[2026-03-27 03:54:50] Running tests...
[2026-03-27 03:54:50] Tests FAILED (exit code: 1)
[2026-03-27 03:54:50] Backlog empty but tests failing — delegating FAIL.md...
[2026-03-27 03:54:50] Delegating: FAIL.md
[2026-03-27 04:00:00] Delegation complete: FAIL.md (exit code: 141)
[2026-03-27 04:00:00] Running tests...
[2026-03-27 04:00:01] Tests FAILED (exit code: 1)
[2026-03-27 04:00:01] Tests still failing after FAIL.md on empty backlog — continuing.
[2026-03-27 04:00:01] 
[2026-03-27 04:00:01] === Iteration 7 / 50 ===
[2026-03-27 04:00:01] Step A: Executing next task...
[2026-03-27 04:00:01] Delegating: EXECUTE.md
[2026-03-27 04:01:12] Delegation complete: EXECUTE.md (exit code: 141)
[2026-03-27 04:01:12] WARNING: EXECUTE.md delegation returned non-zero.
[2026-03-27 04:01:12] Step B: Running tests...
[2026-03-27 04:01:12] Running tests...
[2026-03-27 04:01:12] Tests FAILED (exit code: 1)
[2026-03-27 04:01:12] Tests failed — delegating FAIL.md to diagnose and fix...
[2026-03-27 04:01:12] Delegating: FAIL.md
